
> react-example@0.0.0 build
> vite build

[36mvite v6.4.1 [32mbuilding for production...[36m[39m
transforming...
[32m✓[39m 2157 modules transformed.
rendering chunks...
computing gzip size...
[2mdist/[22m[32mindex.html                               [39m[1m[2m    0.40 kB[22m[1m[22m[2m │ gzip:   0.27 kB[22m
[2mdist/[22m[35massets/index-CAlovnEh.css                [39m[1m[2m   66.04 kB[22m[1m[22m[2m │ gzip:  10.16 kB[22m
[2mdist/[22m[36massets/base-80a1f760--FOg7qPN.js         [39m[1m[2m    0.62 kB[22m[1m[22m[2m │ gzip:   0.29 kB[22m
[2mdist/[22m[36massets/consoleHook-59e792cb-DsSIEAmg.js  [39m[1m[2m   19.70 kB[22m[1m[22m[2m │ gzip:   6.03 kB[22m
[2mdist/[22m[36massets/index-Bq7uOInY.js                 [39m[1m[2m   28.56 kB[22m[1m[22m[2m │ gzip:   8.88 kB[22m
[2mdist/[22m[36massets/index-599aeaf7-Cbo3G23U.js        [39m[1m[2m  144.47 kB[22m[1m[22m[2m │ gzip:  24.52 kB[22m
[2mdist/[22m[36massets/index-DY_Hslol.js                 [39m[1m[2m  149.49 kB[22m[1m[22m[2m │ gzip:  25.38 kB[22m
[2mdist/[22m[36massets/index-DihE1dgT.js                 [39m[1m[33m1,940.75 kB[39m[22m[2m │ gzip: 546.94 kB[22m
node.exe : [33m
At line:1 char:1
+ & "C:\Program Files\nodejs/node.exe" "C:\Program 
Files\nodejs/node_mo ...
+ ~~~~~~~~~~~~~~~~~~~~~~~~~~~~~~~~~~~~~~~~~~~~~~~~~~~~~~~~~~~
~~~~~~~~~~
    + CategoryInfo          : NotSpecified: ([33m:String) [ 
   ], RemoteException
    + FullyQualifiedErrorId : NativeCommandError
 
(!) Some chunks are larger than 500 kB after minification. 
Consider:
- Using dynamic import() to code-split the application
- Use build.rollupOptions.output.manualChunks to improve 
chunking: https://rollupjs.org/configuration-options/#output-
manualchunks
- Adjust chunk size limit for this warning via 
build.chunkSizeWarningLimit.[39m
[32m✓ built in 14.51s[39m
